fix issue with metabolite plot show all plots with drop down menu.
